../common/oc_ethernet_rtl/eth_crc.v
../common/oc_ethernet_rtl/eth_defines.v
../common/oc_ethernet_rtl/eth_maccontrol.v
../common/oc_ethernet_rtl/eth_macstatus.v
../common/oc_ethernet_rtl/eth_miim.v
../common/oc_ethernet_rtl/eth_outputcontrol.v
../common/oc_ethernet_rtl/eth_random.v
../common/oc_ethernet_rtl/eth_receivecontrol.v
../common/oc_ethernet_rtl/eth_register.v
../common/oc_ethernet_rtl/eth_registers.v
../common/oc_ethernet_rtl/eth_rxcounters.v
../common/oc_ethernet_rtl/eth_rxethmac.v
../common/oc_ethernet_rtl/eth_rxstatem.v
../common/oc_ethernet_rtl/eth_shiftreg.v
../common/oc_ethernet_rtl/timescale.v
../common/oc_ethernet_rtl/eth_top.v
../common/oc_ethernet_rtl/eth_transmitcontrol.v
../common/oc_ethernet_rtl/eth_txcounters.v
../common/oc_ethernet_rtl/eth_txethmac.v
../common/oc_ethernet_rtl/eth_txstatem.v
../common/oc_ethernet_rtl/eth_clockgen.v
../common/oc_ethernet_rtl/eth_spram_256x32.v
../common/oc_ethernet_rtl/eth_wishbone.v
../common/oc_ethernet_rtl/eth_fifo.v
../common/oc_ethernet_rtl/eth_rxaddrcheck.v
